// Jest Snapshot v1, https://goo.gl/fbAQLP

exports[`@ProfileApp #should to make match with the snapshop  1`] = `
<div>
  <h1>
    Compa√±ia: 
    Globant
     - 
    ARG
  </h1>
  <h2>
    Perfil del usuario
  </h2>
  <h3
    aria-label="name-user"
  >
    Nombre: 
  </h3>
  <h3
    data-testid="test-value-year"
  >
    Edad: 
    18
  </h3>
  <button
    aria-label="update-name"
  >
    Actualizar nombre
  </button>
  <button
    data-testid="test-increment-year"
  >
    Aumentar edad
  </button>
  <br />
  <h3>
    Sus Hobies
  </h3>
  <ul>
    <li>
      Reading
    </li>
    <li>
      Gaming
    </li>
  </ul>
  <button
    aria-label="add-hobby"
  >
    Agregar nuevo Hobbie
  </button>
  <br />
  <h3>
    Skill
  </h3>
  <h3
    data-testid="test-value-skill"
  >
    Front End
     - Score: 
    0
  </h3>
  <button
    data-testid="test-increase-score"
  >
    Incrementar Score
  </button>
</div>
`;
